// Jest Snapshot v1, https://goo.gl/fbAQLP

exports[`Expect to render MainPage component 1`] = `ShallowWrapper {}`;
